// Vitest Snapshot v1, https://vitest.dev/guide/snapshot.html

exports[`UpdatePassword > should match the snapshot 1`] = `
{
  "asFragment": [Function],
  "baseElement": <body>
    <div>
      <form
        action="javascript:throw new Error('A React form was unexpectedly submitted. If you called form.submit() manually, consider using form.requestSubmit() instead. If you\\'re trying to use event.stopPropagation() in a submit event handler, consider also calling event.preventDefault().')"
        class="max-lg:space-y-2 space-y-4"
      >
        <div
          class="max-lg:space-y-2 space-y-4"
        >
          <h4
            class="heading-4"
          >
            Change password
          </h4>
          <div
            class="flex flex-col gap-y-1"
          >
            <div
              class="space-y-2"
            >
              <div
                aria-describedby=":r0:-form-item-description"
                aria-invalid="false"
                class="relative flex items-center"
                id=":r0:-form-item"
              >
                <div
                  class="flex-1"
                />
              </div>
              <p
                class="font-medium text-destructive text-xs pl-1"
                data-testid="form-message-currentPassword"
                id=":r0:-form-item-message"
              >
                <span
                  class="inline-block h-3"
                />
              </p>
            </div>
            <div
              class="space-y-2"
            >
              <div
                aria-describedby=":r1:-form-item-description"
                aria-invalid="false"
                class="relative flex items-center"
                id=":r1:-form-item"
              >
                <div
                  class="flex-1"
                />
                <div
                  class="absolute right-4"
                >
                  <a
                    data-state="closed"
                  >
                    <svg
                      class="lucide lucide-info w-5 h-5 text-fade"
                      fill="none"
                      height="24"
                      stroke="currentColor"
                      stroke-linecap="round"
                      stroke-linejoin="round"
                      stroke-width="2"
                      viewBox="0 0 24 24"
                      width="24"
                      xmlns="http://www.w3.org/2000/svg"
                    >
                      <circle
                        cx="12"
                        cy="12"
                        r="10"
                      />
                      <path
                        d="M12 16v-4"
                      />
                      <path
                        d="M12 8h.01"
                      />
                    </svg>
                  </a>
                </div>
              </div>
              <p
                class="font-medium text-destructive text-xs pl-1"
                data-testid="form-message-newPassword"
                id=":r1:-form-item-message"
              >
                <span
                  class="inline-block h-3"
                />
              </p>
            </div>
            <div
              class="space-y-2"
            >
              <div
                aria-describedby=":r2:-form-item-description"
                aria-invalid="false"
                class="relative flex items-center"
                id=":r2:-form-item"
              >
                <div
                  class="flex-1"
                />
              </div>
              <p
                class="font-medium text-destructive text-xs pl-1"
                data-testid="form-message-confirmPassword"
                id=":r2:-form-item-message"
              >
                <span
                  class="inline-block h-3"
                />
              </p>
            </div>
          </div>
        </div>
      </form>
    </div>
    <div>
      <form
        action="javascript:throw new Error('A React form was unexpectedly submitted. If you called form.submit() manually, consider using form.requestSubmit() instead. If you\\'re trying to use event.stopPropagation() in a submit event handler, consider also calling event.preventDefault().')"
        class="max-lg:space-y-2 space-y-4"
      >
        <div
          class="max-lg:space-y-2 space-y-4"
        >
          <h4
            class="heading-4"
          >
            Create password
          </h4>
          <div
            class="flex flex-col gap-y-1"
          >
            <div
              class="space-y-2"
            >
              <div
                aria-describedby=":r3:-form-item-description"
                aria-invalid="false"
                class="relative flex items-center"
                id=":r3:-form-item"
              >
                <div
                  class="flex-1"
                />
                <div
                  class="absolute right-4"
                >
                  <a
                    data-state="closed"
                  >
                    <svg
                      class="lucide lucide-info w-5 h-5 text-fade"
                      fill="none"
                      height="24"
                      stroke="currentColor"
                      stroke-linecap="round"
                      stroke-linejoin="round"
                      stroke-width="2"
                      viewBox="0 0 24 24"
                      width="24"
                      xmlns="http://www.w3.org/2000/svg"
                    >
                      <circle
                        cx="12"
                        cy="12"
                        r="10"
                      />
                      <path
                        d="M12 16v-4"
                      />
                      <path
                        d="M12 8h.01"
                      />
                    </svg>
                  </a>
                </div>
              </div>
              <p
                class="font-medium text-destructive text-xs pl-1"
                data-testid="form-message-newPassword"
                id=":r3:-form-item-message"
              >
                <span
                  class="inline-block h-3"
                />
              </p>
            </div>
            <div
              class="space-y-2"
            >
              <div
                aria-describedby=":r4:-form-item-description"
                aria-invalid="false"
                class="relative flex items-center"
                id=":r4:-form-item"
              >
                <div
                  class="flex-1"
                />
              </div>
              <p
                class="font-medium text-destructive text-xs pl-1"
                data-testid="form-message-confirmPassword"
                id=":r4:-form-item-message"
              >
                <span
                  class="inline-block h-3"
                />
              </p>
            </div>
          </div>
        </div>
      </form>
    </div>
  </body>,
  "container": <div>
    <form
      action="javascript:throw new Error('A React form was unexpectedly submitted. If you called form.submit() manually, consider using form.requestSubmit() instead. If you\\'re trying to use event.stopPropagation() in a submit event handler, consider also calling event.preventDefault().')"
      class="max-lg:space-y-2 space-y-4"
    >
      <div
        class="max-lg:space-y-2 space-y-4"
      >
        <h4
          class="heading-4"
        >
          Change password
        </h4>
        <div
          class="flex flex-col gap-y-1"
        >
          <div
            class="space-y-2"
          >
            <div
              aria-describedby=":r0:-form-item-description"
              aria-invalid="false"
              class="relative flex items-center"
              id=":r0:-form-item"
            >
              <div
                class="flex-1"
              />
            </div>
            <p
              class="font-medium text-destructive text-xs pl-1"
              data-testid="form-message-currentPassword"
              id=":r0:-form-item-message"
            >
              <span
                class="inline-block h-3"
              />
            </p>
          </div>
          <div
            class="space-y-2"
          >
            <div
              aria-describedby=":r1:-form-item-description"
              aria-invalid="false"
              class="relative flex items-center"
              id=":r1:-form-item"
            >
              <div
                class="flex-1"
              />
              <div
                class="absolute right-4"
              >
                <a
                  data-state="closed"
                >
                  <svg
                    class="lucide lucide-info w-5 h-5 text-fade"
                    fill="none"
                    height="24"
                    stroke="currentColor"
                    stroke-linecap="round"
                    stroke-linejoin="round"
                    stroke-width="2"
                    viewBox="0 0 24 24"
                    width="24"
                    xmlns="http://www.w3.org/2000/svg"
                  >
                    <circle
                      cx="12"
                      cy="12"
                      r="10"
                    />
                    <path
                      d="M12 16v-4"
                    />
                    <path
                      d="M12 8h.01"
                    />
                  </svg>
                </a>
              </div>
            </div>
            <p
              class="font-medium text-destructive text-xs pl-1"
              data-testid="form-message-newPassword"
              id=":r1:-form-item-message"
            >
              <span
                class="inline-block h-3"
              />
            </p>
          </div>
          <div
            class="space-y-2"
          >
            <div
              aria-describedby=":r2:-form-item-description"
              aria-invalid="false"
              class="relative flex items-center"
              id=":r2:-form-item"
            >
              <div
                class="flex-1"
              />
            </div>
            <p
              class="font-medium text-destructive text-xs pl-1"
              data-testid="form-message-confirmPassword"
              id=":r2:-form-item-message"
            >
              <span
                class="inline-block h-3"
              />
            </p>
          </div>
        </div>
      </div>
    </form>
  </div>,
  "debug": [Function],
  "findAllByAltText": [Function],
  "findAllByDisplayValue": [Function],
  "findAllByLabelText": [Function],
  "findAllByPlaceholderText": [Function],
  "findAllByRole": [Function],
  "findAllByTestId": [Function],
  "findAllByText": [Function],
  "findAllByTitle": [Function],
  "findByAltText": [Function],
  "findByDisplayValue": [Function],
  "findByLabelText": [Function],
  "findByPlaceholderText": [Function],
  "findByRole": [Function],
  "findByTestId": [Function],
  "findByText": [Function],
  "findByTitle": [Function],
  "getAllByAltText": [Function],
  "getAllByDisplayValue": [Function],
  "getAllByLabelText": [Function],
  "getAllByPlaceholderText": [Function],
  "getAllByRole": [Function],
  "getAllByTestId": [Function],
  "getAllByText": [Function],
  "getAllByTitle": [Function],
  "getByAltText": [Function],
  "getByDisplayValue": [Function],
  "getByLabelText": [Function],
  "getByPlaceholderText": [Function],
  "getByRole": [Function],
  "getByTestId": [Function],
  "getByText": [Function],
  "getByTitle": [Function],
  "queryAllByAltText": [Function],
  "queryAllByDisplayValue": [Function],
  "queryAllByLabelText": [Function],
  "queryAllByPlaceholderText": [Function],
  "queryAllByRole": [Function],
  "queryAllByTestId": [Function],
  "queryAllByText": [Function],
  "queryAllByTitle": [Function],
  "queryByAltText": [Function],
  "queryByDisplayValue": [Function],
  "queryByLabelText": [Function],
  "queryByPlaceholderText": [Function],
  "queryByRole": [Function],
  "queryByTestId": [Function],
  "queryByText": [Function],
  "queryByTitle": [Function],
  "rerender": [Function],
  "unmount": [Function],
}
`;

exports[`UpdatePassword > should match the snapshot 2`] = `
{
  "asFragment": [Function],
  "baseElement": <body>
    <div>
      <form
        action="javascript:throw new Error('A React form was unexpectedly submitted. If you called form.submit() manually, consider using form.requestSubmit() instead. If you\\'re trying to use event.stopPropagation() in a submit event handler, consider also calling event.preventDefault().')"
        class="max-lg:space-y-2 space-y-4"
      >
        <div
          class="max-lg:space-y-2 space-y-4"
        >
          <h4
            class="heading-4"
          >
            Change password
          </h4>
          <div
            class="flex flex-col gap-y-1"
          >
            <div
              class="space-y-2"
            >
              <div
                aria-describedby=":r0:-form-item-description"
                aria-invalid="false"
                class="relative flex items-center"
                id=":r0:-form-item"
              >
                <div
                  class="flex-1"
                />
              </div>
              <p
                class="font-medium text-destructive text-xs pl-1"
                data-testid="form-message-currentPassword"
                id=":r0:-form-item-message"
              >
                <span
                  class="inline-block h-3"
                />
              </p>
            </div>
            <div
              class="space-y-2"
            >
              <div
                aria-describedby=":r1:-form-item-description"
                aria-invalid="false"
                class="relative flex items-center"
                id=":r1:-form-item"
              >
                <div
                  class="flex-1"
                />
                <div
                  class="absolute right-4"
                >
                  <a
                    data-state="closed"
                  >
                    <svg
                      class="lucide lucide-info w-5 h-5 text-fade"
                      fill="none"
                      height="24"
                      stroke="currentColor"
                      stroke-linecap="round"
                      stroke-linejoin="round"
                      stroke-width="2"
                      viewBox="0 0 24 24"
                      width="24"
                      xmlns="http://www.w3.org/2000/svg"
                    >
                      <circle
                        cx="12"
                        cy="12"
                        r="10"
                      />
                      <path
                        d="M12 16v-4"
                      />
                      <path
                        d="M12 8h.01"
                      />
                    </svg>
                  </a>
                </div>
              </div>
              <p
                class="font-medium text-destructive text-xs pl-1"
                data-testid="form-message-newPassword"
                id=":r1:-form-item-message"
              >
                <span
                  class="inline-block h-3"
                />
              </p>
            </div>
            <div
              class="space-y-2"
            >
              <div
                aria-describedby=":r2:-form-item-description"
                aria-invalid="false"
                class="relative flex items-center"
                id=":r2:-form-item"
              >
                <div
                  class="flex-1"
                />
              </div>
              <p
                class="font-medium text-destructive text-xs pl-1"
                data-testid="form-message-confirmPassword"
                id=":r2:-form-item-message"
              >
                <span
                  class="inline-block h-3"
                />
              </p>
            </div>
          </div>
        </div>
      </form>
    </div>
    <div>
      <form
        action="javascript:throw new Error('A React form was unexpectedly submitted. If you called form.submit() manually, consider using form.requestSubmit() instead. If you\\'re trying to use event.stopPropagation() in a submit event handler, consider also calling event.preventDefault().')"
        class="max-lg:space-y-2 space-y-4"
      >
        <div
          class="max-lg:space-y-2 space-y-4"
        >
          <h4
            class="heading-4"
          >
            Create password
          </h4>
          <div
            class="flex flex-col gap-y-1"
          >
            <div
              class="space-y-2"
            >
              <div
                aria-describedby=":r3:-form-item-description"
                aria-invalid="false"
                class="relative flex items-center"
                id=":r3:-form-item"
              >
                <div
                  class="flex-1"
                />
                <div
                  class="absolute right-4"
                >
                  <a
                    data-state="closed"
                  >
                    <svg
                      class="lucide lucide-info w-5 h-5 text-fade"
                      fill="none"
                      height="24"
                      stroke="currentColor"
                      stroke-linecap="round"
                      stroke-linejoin="round"
                      stroke-width="2"
                      viewBox="0 0 24 24"
                      width="24"
                      xmlns="http://www.w3.org/2000/svg"
                    >
                      <circle
                        cx="12"
                        cy="12"
                        r="10"
                      />
                      <path
                        d="M12 16v-4"
                      />
                      <path
                        d="M12 8h.01"
                      />
                    </svg>
                  </a>
                </div>
              </div>
              <p
                class="font-medium text-destructive text-xs pl-1"
                data-testid="form-message-newPassword"
                id=":r3:-form-item-message"
              >
                <span
                  class="inline-block h-3"
                />
              </p>
            </div>
            <div
              class="space-y-2"
            >
              <div
                aria-describedby=":r4:-form-item-description"
                aria-invalid="false"
                class="relative flex items-center"
                id=":r4:-form-item"
              >
                <div
                  class="flex-1"
                />
              </div>
              <p
                class="font-medium text-destructive text-xs pl-1"
                data-testid="form-message-confirmPassword"
                id=":r4:-form-item-message"
              >
                <span
                  class="inline-block h-3"
                />
              </p>
            </div>
          </div>
        </div>
      </form>
    </div>
  </body>,
  "container": <div>
    <form
      action="javascript:throw new Error('A React form was unexpectedly submitted. If you called form.submit() manually, consider using form.requestSubmit() instead. If you\\'re trying to use event.stopPropagation() in a submit event handler, consider also calling event.preventDefault().')"
      class="max-lg:space-y-2 space-y-4"
    >
      <div
        class="max-lg:space-y-2 space-y-4"
      >
        <h4
          class="heading-4"
        >
          Create password
        </h4>
        <div
          class="flex flex-col gap-y-1"
        >
          <div
            class="space-y-2"
          >
            <div
              aria-describedby=":r3:-form-item-description"
              aria-invalid="false"
              class="relative flex items-center"
              id=":r3:-form-item"
            >
              <div
                class="flex-1"
              />
              <div
                class="absolute right-4"
              >
                <a
                  data-state="closed"
                >
                  <svg
                    class="lucide lucide-info w-5 h-5 text-fade"
                    fill="none"
                    height="24"
                    stroke="currentColor"
                    stroke-linecap="round"
                    stroke-linejoin="round"
                    stroke-width="2"
                    viewBox="0 0 24 24"
                    width="24"
                    xmlns="http://www.w3.org/2000/svg"
                  >
                    <circle
                      cx="12"
                      cy="12"
                      r="10"
                    />
                    <path
                      d="M12 16v-4"
                    />
                    <path
                      d="M12 8h.01"
                    />
                  </svg>
                </a>
              </div>
            </div>
            <p
              class="font-medium text-destructive text-xs pl-1"
              data-testid="form-message-newPassword"
              id=":r3:-form-item-message"
            >
              <span
                class="inline-block h-3"
              />
            </p>
          </div>
          <div
            class="space-y-2"
          >
            <div
              aria-describedby=":r4:-form-item-description"
              aria-invalid="false"
              class="relative flex items-center"
              id=":r4:-form-item"
            >
              <div
                class="flex-1"
              />
            </div>
            <p
              class="font-medium text-destructive text-xs pl-1"
              data-testid="form-message-confirmPassword"
              id=":r4:-form-item-message"
            >
              <span
                class="inline-block h-3"
              />
            </p>
          </div>
        </div>
      </div>
    </form>
  </div>,
  "debug": [Function],
  "findAllByAltText": [Function],
  "findAllByDisplayValue": [Function],
  "findAllByLabelText": [Function],
  "findAllByPlaceholderText": [Function],
  "findAllByRole": [Function],
  "findAllByTestId": [Function],
  "findAllByText": [Function],
  "findAllByTitle": [Function],
  "findByAltText": [Function],
  "findByDisplayValue": [Function],
  "findByLabelText": [Function],
  "findByPlaceholderText": [Function],
  "findByRole": [Function],
  "findByTestId": [Function],
  "findByText": [Function],
  "findByTitle": [Function],
  "getAllByAltText": [Function],
  "getAllByDisplayValue": [Function],
  "getAllByLabelText": [Function],
  "getAllByPlaceholderText": [Function],
  "getAllByRole": [Function],
  "getAllByTestId": [Function],
  "getAllByText": [Function],
  "getAllByTitle": [Function],
  "getByAltText": [Function],
  "getByDisplayValue": [Function],
  "getByLabelText": [Function],
  "getByPlaceholderText": [Function],
  "getByRole": [Function],
  "getByTestId": [Function],
  "getByText": [Function],
  "getByTitle": [Function],
  "queryAllByAltText": [Function],
  "queryAllByDisplayValue": [Function],
  "queryAllByLabelText": [Function],
  "queryAllByPlaceholderText": [Function],
  "queryAllByRole": [Function],
  "queryAllByTestId": [Function],
  "queryAllByText": [Function],
  "queryAllByTitle": [Function],
  "queryByAltText": [Function],
  "queryByDisplayValue": [Function],
  "queryByLabelText": [Function],
  "queryByPlaceholderText": [Function],
  "queryByRole": [Function],
  "queryByTestId": [Function],
  "queryByText": [Function],
  "queryByTitle": [Function],
  "rerender": [Function],
  "unmount": [Function],
}
`;
